// Jest Snapshot v1, https://goo.gl/fbAQLP

exports[`should handle startEditExpense 1`] = `
<div>
  <ExpenseForm
    expense={
      Object {
        "amount": 4500,
        "createdAt": 345600000,
        "description": "Credit Card",
        "id": "3",
        "note": "",
      }
    }
    onSubmit={[Function]}
  />
  <button
    className="w-50"
    onClick={[Function]}
  >
    Remove
  </button>
</div>
`;

exports[`should handle startRemoveExpense 1`] = `
<div>
  <ExpenseForm
    expense={
      Object {
        "amount": 4500,
        "createdAt": 345600000,
        "description": "Credit Card",
        "id": "3",
        "note": "",
      }
    }
    onSubmit={[Function]}
  />
  <button
    className="w-50"
    onClick={[Function]}
  >
    Remove
  </button>
</div>
`;

exports[`should render EditExpense correctly 1`] = `
<div>
  <ExpenseForm
    expense={
      Object {
        "amount": 4500,
        "createdAt": 345600000,
        "description": "Credit Card",
        "id": "3",
        "note": "",
      }
    }
    onSubmit={[Function]}
  />
  <button
    className="w-50"
    onClick={[Function]}
  >
    Remove
  </button>
</div>
`;
