// Jest Snapshot v1, https://goo.gl/fbAQLP

exports[`should render Header correctly 1`] = `
<header>
  <h1>
    Expensify
  </h1>
  <ul
    className="list-group"
  >
    <li
      className="list-group-item"
    >
      <[object Object]
        activeClassName="is-active"
        to="/dashboard"
      >
        Dashboard
      </[object Object]>
    </li>
    <li
      className="list-group-item"
    >
      <[object Object]
        activeClassName="is-active"
        to="/create"
      >
        Add Expense
      </[object Object]>
    </li>
    <li
      className="list-group-item"
    >
      <button
        onClick={[Function]}
      >
        Logout
      </button>
    </li>
  </ul>
</header>
`;
