// Jest Snapshot v1, https://goo.gl/fbAQLP

exports[`should render Login page correctly 1`] = `
<div>
  Login Page
  <button
    onClick={[Function]}
  >
    Login
  </button>
</div>
`;
