// Jest Snapshot v1, https://goo.gl/fbAQLP

exports[`should render PageNotFound correct 1`] = `
<div>
  404 - 
  <[object Object]
    to="/"
  >
    Go to dashboard!
  </[object Object]>
</div>
`;
